logs/exp_ay_10L_pr180_baseline.txt
val_bpb:enabled tokenizer_kind=sentencepiece tokenizer_path=/data/tokenizers/fineweb_1024_bpe.model
train_loader:dataset:fineweb10B_sp1024 train_shards:80
val_loader:shards pattern=/data/datasets/fineweb10B_sp1024/fineweb_val_*.bin tokens:62021632
model_params:25517137
world_size:8 grad_accum_steps:1
attention_mode:gqa num_heads:8 num_kv_heads:4
tie_embeddings:True embed_lr:0.03 matrix_lr:0.02 scalar_lr:0.02
train_batch_tokens:786432 train_seq_len:2048 iterations:20000 warmup_steps:20 max_wallclock_seconds:600.000
seed:42
warmup_step:1/20
warmup_step:2/20
warmup_step:3/20
warmup_step:4/20
warmup_step:5/20
warmup_step:6/20
warmup_step:7/20
warmup_step:8/20
warmup_step:9/20
warmup_step:10/20
warmup_step:11/20
warmup_step:12/20
warmup_step:13/20
warmup_step:14/20
warmup_step:15/20
warmup_step:16/20
warmup_step:17/20
warmup_step:18/20
warmup_step:19/20
warmup_step:20/20
step:0/20000 val_loss:6.9323 val_bpb:4.1057 train_time:0ms step_avg:0.02ms
step:1/20000 train_loss:6.9334 train_time:237ms step_avg:237.47ms
step:2/20000 train_loss:8.1444 train_time:310ms step_avg:154.97ms
step:3/20000 train_loss:7.7331 train_time:402ms step_avg:134.04ms
step:4/20000 train_loss:6.9684 train_time:493ms step_avg:123.14ms
step:5/20000 train_loss:6.8349 train_time:584ms step_avg:116.77ms
step:6/20000 train_loss:6.6725 train_time:676ms step_avg:112.74ms
step:7/20000 train_loss:6.5414 train_time:766ms step_avg:109.48ms
step:8/20000 train_loss:6.5869 train_time:858ms step_avg:107.20ms
step:9/20000 train_loss:6.3715 train_time:955ms step_avg:106.10ms
step:10/20000 train_loss:6.1272 train_time:1044ms step_avg:104.37ms
step:100/20000 train_loss:3.1706 train_time:9263ms step_avg:92.63ms
step:200/20000 train_loss:2.3818 train_time:18527ms step_avg:92.64ms
step:300/20000 train_loss:2.5427 train_time:27756ms step_avg:92.52ms
step:400/20000 train_loss:2.4078 train_time:36993ms step_avg:92.48ms
step:500/20000 train_loss:2.3960 train_time:46094ms step_avg:92.19ms
step:500/20000 val_loss:2.3561 val_bpb:1.3954 train_time:46118ms step_avg:92.24ms
step:600/20000 train_loss:2.3337 train_time:55336ms step_avg:92.23ms
step:700/20000 train_loss:2.3456 train_time:64572ms step_avg:92.25ms
step:800/20000 train_loss:2.2362 train_time:73887ms step_avg:92.36ms
step:900/20000 train_loss:2.1274 train_time:83129ms step_avg:92.37ms
step:1000/20000 train_loss:2.2742 train_time:92254ms step_avg:92.25ms
step:1000/20000 val_loss:2.2276 val_bpb:1.3193 train_time:92278ms step_avg:92.28ms
step:1100/20000 train_loss:2.3196 train_time:101514ms step_avg:92.29ms
step:1200/20000 train_loss:2.3534 train_time:110786ms step_avg:92.32ms
step:1300/20000 train_loss:2.1025 train_time:120048ms step_avg:92.34ms
step:1400/20000 train_loss:2.1826 train_time:129318ms step_avg:92.37ms
step:1500/20000 train_loss:2.2205 train_time:138459ms step_avg:92.31ms
step:1500/20000 val_loss:2.1838 val_bpb:1.2934 train_time:138484ms step_avg:92.32ms
step:1600/20000 train_loss:2.0761 train_time:147727ms step_avg:92.33ms
step:1700/20000 train_loss:2.1413 train_time:156982ms step_avg:92.34ms
step:1800/20000 train_loss:2.1610 train_time:166259ms step_avg:92.37ms
step:1900/20000 train_loss:2.1291 train_time:175388ms step_avg:92.31ms
step:2000/20000 train_loss:2.0687 train_time:184641ms step_avg:92.32ms
step:2000/20000 val_loss:2.1334 val_bpb:1.2635 train_time:184667ms step_avg:92.33ms
step:2100/20000 train_loss:2.0524 train_time:193928ms step_avg:92.35ms
step:2200/20000 train_loss:2.1414 train_time:203194ms step_avg:92.36ms
step:2300/20000 train_loss:2.1129 train_time:212446ms step_avg:92.37ms
step:2400/20000 train_loss:2.0675 train_time:221594ms step_avg:92.33ms
step:2500/20000 train_loss:2.1718 train_time:230844ms step_avg:92.34ms
step:2500/20000 val_loss:2.1065 val_bpb:1.2476 train_time:230869ms step_avg:92.35ms
step:2600/20000 train_loss:2.1098 train_time:240259ms step_avg:92.41ms
step:2700/20000 train_loss:2.1004 train_time:249686ms step_avg:92.48ms
step:2800/20000 train_loss:2.1567 train_time:259151ms step_avg:92.55ms
step:2900/20000 train_loss:2.0284 train_time:268292ms step_avg:92.51ms
step:3000/20000 train_loss:2.1610 train_time:277884ms step_avg:92.63ms
step:3000/20000 val_loss:2.0919 val_bpb:1.2389 train_time:277907ms step_avg:92.64ms
step:3100/20000 train_loss:2.0371 train_time:287283ms step_avg:92.67ms
step:3200/20000 train_loss:2.1757 train_time:296845ms step_avg:92.76ms
step:3300/20000 train_loss:2.0742 train_time:305984ms step_avg:92.72ms
step:3400/20000 train_loss:2.0242 train_time:315754ms step_avg:92.87ms
step:3500/20000 train_loss:2.1787 train_time:325316ms step_avg:92.95ms
step:3500/20000 val_loss:2.0835 val_bpb:1.2340 train_time:325340ms step_avg:92.95ms
step:3600/20000 train_loss:2.0973 train_time:334723ms step_avg:92.98ms
step:3700/20000 train_loss:2.0941 train_time:344255ms step_avg:93.04ms
step:3800/20000 train_loss:2.0716 train_time:353400ms step_avg:93.00ms
step:3900/20000 train_loss:2.0755 train_time:362817ms step_avg:93.03ms
step:4000/20000 train_loss:1.9664 train_time:373807ms step_avg:93.45ms
step:4000/20000 val_loss:2.0624 val_bpb:1.2215 train_time:373832ms step_avg:93.46ms
step:4100/20000 train_loss:2.0049 train_time:383243ms step_avg:93.47ms
step:4200/20000 train_loss:2.1485 train_time:392665ms step_avg:93.49ms
step:4300/20000 train_loss:2.0484 train_time:401798ms step_avg:93.44ms
step:4400/20000 train_loss:2.0250 train_time:411165ms step_avg:93.45ms
step:4500/20000 train_loss:2.1169 train_time:420586ms step_avg:93.46ms
step:4500/20000 val_loss:2.0383 val_bpb:1.2072 train_time:420611ms step_avg:93.47ms
step:4600/20000 train_loss:1.8330 train_time:429971ms step_avg:93.47ms
step:4700/20000 train_loss:2.2298 train_time:439112ms step_avg:93.43ms
step:4800/20000 train_loss:2.4191 train_time:448747ms step_avg:93.49ms
step:4900/20000 train_loss:2.0423 train_time:458155ms step_avg:93.50ms
step:5000/20000 train_loss:2.0956 train_time:467544ms step_avg:93.51ms
step:5000/20000 val_loss:2.0164 val_bpb:1.1942 train_time:467567ms step_avg:93.51ms
step:5100/20000 train_loss:2.1167 train_time:476940ms step_avg:93.52ms
step:5200/20000 train_loss:2.0349 train_time:486073ms step_avg:93.48ms
swa:start step:5250
step:5300/20000 train_loss:1.9991 train_time:495540ms step_avg:93.50ms
step:5400/20000 train_loss:2.0395 train_time:504947ms step_avg:93.51ms
step:5500/20000 train_loss:2.0083 train_time:514377ms step_avg:93.52ms
step:5500/20000 val_loss:1.9922 val_bpb:1.1799 train_time:514427ms step_avg:93.53ms
step:5600/20000 train_loss:1.9436 train_time:523813ms step_avg:93.54ms
step:5700/20000 train_loss:1.9974 train_time:533012ms step_avg:93.51ms
step:5800/20000 train_loss:1.9872 train_time:542463ms step_avg:93.53ms
step:5900/20000 train_loss:1.8909 train_time:551922ms step_avg:93.55ms
step:6000/20000 train_loss:1.9302 train_time:561403ms step_avg:93.57ms
step:6000/20000 val_loss:1.9668 val_bpb:1.1648 train_time:561455ms step_avg:93.58ms
step:6100/20000 train_loss:1.9032 train_time:570613ms step_avg:93.54ms
step:6200/20000 train_loss:1.9370 train_time:580059ms step_avg:93.56ms
step:6300/20000 train_loss:1.9372 train_time:589481ms step_avg:93.57ms
step:6400/20000 train_loss:1.9895 train_time:598893ms step_avg:93.58ms
step:6412/20000 val_loss:1.9487 val_bpb:1.1541 train_time:600041ms step_avg:93.58ms
stopping_early: wallclock_cap train_time:600041ms step:6412/20000
peak memory allocated: 18877 MiB reserved: 19080 MiB
swa:applying averaged 24 checkpoints
Serialized model: 98437419 bytes
Code size: 52931 bytes
Total submission size: 98490350 bytes
Serialized model int6+zstd: 15370858 bytes
Total submission size int8+zlib: 15423789 bytes
final_eval_mode:sliding_window stride:64 batch_seqs:32
  sliding_eval [  0.0%] 32/121136 windows running_bpb=1.202020
  sliding_eval [  1.3%] 1632/121136 windows running_bpb=1.138098
  sliding_eval [  2.7%] 3232/121136 windows running_bpb=1.139261
  sliding_eval [  4.0%] 4832/121136 windows running_bpb=1.132959
  sliding_eval [  5.3%] 6432/121136 windows running_bpb=1.145046
  sliding_eval [  6.6%] 8032/121136 windows running_bpb=1.146317
  sliding_eval [  8.0%] 9632/121136 windows running_bpb=1.147922
  sliding_eval [  9.3%] 11232/121136 windows running_bpb=1.143426
  sliding_eval [ 10.6%] 12832/121136 windows running_bpb=1.140811
  sliding_eval [ 11.9%] 14432/121136 windows running_bpb=1.142491
  sliding_eval [ 13.2%] 16032/121136 windows running_bpb=1.151161
  sliding_eval [ 14.6%] 17632/121136 windows running_bpb=1.149771
  sliding_eval [ 15.9%] 19232/121136 windows running_bpb=1.151139
  sliding_eval [ 17.2%] 20832/121136 windows running_bpb=1.149360
  sliding_eval [ 18.5%] 22432/121136 windows running_bpb=1.147953
  sliding_eval [ 19.8%] 24032/121136 windows running_bpb=1.148344
  sliding_eval [ 21.2%] 25632/121136 windows running_bpb=1.149663
  sliding_eval [ 22.5%] 27232/121136 windows running_bpb=1.150153
  sliding_eval [ 23.8%] 28832/121136 windows running_bpb=1.156360
  sliding_eval [ 25.1%] 30432/121136 windows running_bpb=1.153734
  sliding_eval [ 26.4%] 32032/121136 windows running_bpb=1.154717
  sliding_eval [ 27.8%] 33632/121136 windows running_bpb=1.153325
  sliding_eval [ 29.1%] 35232/121136 windows running_bpb=1.152650
  sliding_eval [ 30.4%] 36832/121136 windows running_bpb=1.152235
  sliding_eval [ 31.7%] 38432/121136 windows running_bpb=1.152876
  sliding_eval [ 33.0%] 40032/121136 windows running_bpb=1.150516
  sliding_eval [ 34.4%] 41632/121136 windows running_bpb=1.149584
  sliding_eval [ 35.7%] 43232/121136 windows running_bpb=1.149880
  sliding_eval [ 37.0%] 44832/121136 windows running_bpb=1.148653
  sliding_eval [ 38.3%] 46432/121136 windows running_bpb=1.148493
  sliding_eval [ 39.7%] 48032/121136 windows running_bpb=1.147736
  sliding_eval [ 41.0%] 49632/121136 windows running_bpb=1.148960
  sliding_eval [ 42.3%] 51232/121136 windows running_bpb=1.149967
  sliding_eval [ 43.6%] 52832/121136 windows running_bpb=1.150455
  sliding_eval [ 44.9%] 54432/121136 windows running_bpb=1.149951
  sliding_eval [ 46.3%] 56032/121136 windows running_bpb=1.150359
  sliding_eval [ 47.6%] 57632/121136 windows running_bpb=1.149495
  sliding_eval [ 48.9%] 59232/121136 windows running_bpb=1.145651
  sliding_eval [ 50.2%] 60832/121136 windows running_bpb=1.145727
  sliding_eval [ 51.5%] 62432/121136 windows running_bpb=1.146641
  sliding_eval [ 52.9%] 64032/121136 windows running_bpb=1.146783
  sliding_eval [ 54.2%] 65632/121136 windows running_bpb=1.146637
  sliding_eval [ 55.5%] 67232/121136 windows running_bpb=1.145382
  sliding_eval [ 56.8%] 68832/121136 windows running_bpb=1.145093
  sliding_eval [ 58.1%] 70432/121136 windows running_bpb=1.144398
  sliding_eval [ 59.5%] 72032/121136 windows running_bpb=1.144476
  sliding_eval [ 60.8%] 73632/121136 windows running_bpb=1.144446
  sliding_eval [ 62.1%] 75232/121136 windows running_bpb=1.144657
  sliding_eval [ 63.4%] 76832/121136 windows running_bpb=1.144359
  sliding_eval [ 64.7%] 78432/121136 windows running_bpb=1.144981
  sliding_eval [ 66.1%] 80032/121136 windows running_bpb=1.145260
  sliding_eval [ 67.4%] 81632/121136 windows running_bpb=1.144973
  sliding_eval [ 68.7%] 83232/121136 windows running_bpb=1.146001
  sliding_eval [ 70.0%] 84832/121136 windows running_bpb=1.147918
  sliding_eval [ 71.4%] 86432/121136 windows running_bpb=1.147217
  sliding_eval [ 72.7%] 88032/121136 windows running_bpb=1.147944
  sliding_eval [ 74.0%] 89632/121136 windows running_bpb=1.148282
  sliding_eval [ 75.3%] 91232/121136 windows running_bpb=1.148231
  sliding_eval [ 76.6%] 92832/121136 windows running_bpb=1.147806
  sliding_eval [ 78.0%] 94432/121136 windows running_bpb=1.148009
  sliding_eval [ 79.3%] 96032/121136 windows running_bpb=1.147417
  sliding_eval [ 80.6%] 97632/121136 windows running_bpb=1.150202
  sliding_eval [ 81.9%] 99232/121136 windows running_bpb=1.150196
  sliding_eval [ 83.2%] 100832/121136 windows running_bpb=1.150226
  sliding_eval [ 84.6%] 102432/121136 windows running_bpb=1.149850
  sliding_eval [ 85.9%] 104032/121136 windows running_bpb=1.149344
  sliding_eval [ 87.2%] 105632/121136 windows running_bpb=1.148585
  sliding_eval [ 88.5%] 107232/121136 windows running_bpb=1.148550
  sliding_eval [ 89.8%] 108832/121136 windows running_bpb=1.149168
  sliding_eval [ 91.2%] 110432/121136 windows running_bpb=1.149223
  sliding_eval [ 92.5%] 112032/121136 windows running_bpb=1.149210
  sliding_eval [ 93.8%] 113632/121136 windows running_bpb=1.149656
  sliding_eval [ 95.1%] 115232/121136 windows running_bpb=1.149397
  sliding_eval [ 96.4%] 116832/121136 windows running_bpb=1.149013
  sliding_eval [ 97.8%] 118432/121136 windows running_bpb=1.149328
  sliding_eval [ 99.1%] 120032/121136 windows running_bpb=1.149420
final_int8_zlib_roundtrip val_loss:1.9314 val_bpb:1.1439 eval_time:169456ms
final_int8_zlib_roundtrip_exact val_loss:1.93137471 val_bpb:1.14387192
