val_bpb:enabled tokenizer_kind=sentencepiece tokenizer_path=/workspace/parameter-golf/data/tokenizers/fineweb_1024_bpe.model
train_batch_tokens:524288 train_seq_len:1024 iterations:20000 warmup_steps:20 max_wallclock_seconds:600.000
warmup_step:1/20ontainers active)...
warmup_step:2/20ontainers active)...
warmup_step:3/20ontainers active)...
warmup_step:4/20ontainers active)...
warmup_step:5/20ontainers active)...
warmup_step:6/20ontainers active)...
warmup_step:7/20ontainers active)...
warmup_step:8/20ontainers active)...
warmup_step:9/20ontainers active)...
warmup_step:10/20ntainers active)...
warmup_step:11/20ntainers active)...
warmup_step:12/20ntainers active)...
warmup_step:13/20ntainers active)...
warmup_step:14/20ntainers active)...
warmup_step:15/20ntainers active)...
warmup_step:16/20ntainers active)...
warmup_step:17/20ntainers active)...
warmup_step:18/20ntainers active)...
warmup_step:19/20ntainers active)...
warmup_step:20/20ntainers active)...
qat_enabled:False qat_start_step:20001iew app at
step:0/20000 val_loss:6.9353 val_bpb:4.1075 train_time:0ms step_avg:0.02ms
step:1/20000 train_loss:6.9355 train_time:38ms step_avg:37.66mscom/app
step:2/20000 train_loss:11.8432 train_time:95ms step_avg:47.42msom/app
step:3/20000 train_loss:6.7871 train_time:152ms step_avg:50.76msom/app
step:4/20000 train_loss:6.5892 train_time:212ms step_avg:53.03msom/app
step:5/20000 train_loss:7.1775 train_time:272ms step_avg:54.30msom/app
step:6/20000 train_loss:7.7359 train_time:329ms step_avg:54.82msn
step:7/20000 train_loss:6.8326 train_time:395ms step_avg:56.40msom/app
step:8/20000 train_loss:6.4134 train_time:445ms step_avg:55.57msom/app
step:9/20000 train_loss:6.2915 train_time:503ms step_avg:55.93msom/app
step:10/20000 train_loss:6.1867 train_time:561ms step_avg:56.13msm/app
step:50/20000 train_loss:4.0244 train_time:2830ms step_avg:56.61ms
step:100/20000 train_loss:3.2451 train_time:5683ms step_avg:56.83ms
step:150/20000 train_loss:2.9492 train_time:8498ms step_avg:56.66ms
step:200/20000 train_loss:2.7669 train_time:11564ms step_avg:57.82ms
step:200/20000 val_loss:2.7466 val_bpb:1.6267 train_time:11589ms step_avg:57.95ms
step:250/20000 train_loss:2.6780 train_time:14389ms step_avg:57.56mspp
step:300/20000 train_loss:2.4343 train_time:17226ms step_avg:57.42ms
step:350/20000 train_loss:2.6238 train_time:20034ms step_avg:57.24ms
step:400/20000 train_loss:2.3081 train_time:23085ms step_avg:57.71ms
step:400/20000 val_loss:2.5169 val_bpb:1.4906 train_time:23112ms step_avg:57.78ms
step:450/20000 train_loss:2.4641 train_time:25894ms step_avg:57.54mspp
step:500/20000 train_loss:2.4604 train_time:28717ms step_avg:57.43mspp
step:550/20000 train_loss:2.3665 train_time:31536ms step_avg:57.34ms
step:600/20000 train_loss:2.5170 train_time:34567ms step_avg:57.61ms
step:600/20000 val_loss:2.4182 val_bpb:1.4322 train_time:34585ms step_avg:57.64ms
step:650/20000 train_loss:2.3532 train_time:37372ms step_avg:57.50mspp
step:700/20000 train_loss:2.4152 train_time:40191ms step_avg:57.42ms
step:750/20000 train_loss:2.2434 train_time:43009ms step_avg:57.35mspp
step:800/20000 train_loss:2.2686 train_time:46095ms step_avg:57.62mspp
step:800/20000 val_loss:2.3550 val_bpb:1.3948 train_time:46123ms step_avg:57.65ms
step:850/20000 train_loss:2.7017 train_time:48923ms step_avg:57.56mspp
step:900/20000 train_loss:2.3130 train_time:51736ms step_avg:57.48ms
step:950/20000 train_loss:2.3709 train_time:54584ms step_avg:57.46ms
step:1000/20000 train_loss:2.3518 train_time:57654ms step_avg:57.65msp
step:1000/20000 val_loss:2.3113 val_bpb:1.3689 train_time:57673ms step_avg:57.67ms
step:1050/20000 train_loss:2.4644 train_time:60460ms step_avg:57.58msp
step:1100/20000 train_loss:2.2383 train_time:63282ms step_avg:57.53ms
step:1150/20000 train_loss:2.2276 train_time:66333ms step_avg:57.68ms
step:1200/20000 train_loss:2.3602 train_time:69160ms step_avg:57.63ms
step:1200/20000 val_loss:2.2790 val_bpb:1.3497 train_time:69184ms step_avg:57.65ms
step:1250/20000 train_loss:2.1887 train_time:71988ms step_avg:57.59msp
step:1300/20000 train_loss:2.3356 train_time:74820ms step_avg:57.55msp
step:1350/20000 train_loss:2.2510 train_time:78162ms step_avg:57.90ms
step:1400/20000 train_loss:2.4109 train_time:80995ms step_avg:57.85msp
step:1400/20000 val_loss:2.2592 val_bpb:1.3380 train_time:81026ms step_avg:57.88ms
step:1450/20000 train_loss:2.2140 train_time:83834ms step_avg:57.82msp
step:1500/20000 train_loss:2.1985 train_time:86651ms step_avg:57.77msp
step:1550/20000 train_loss:2.1335 train_time:89734ms step_avg:57.89msp
step:1600/20000 train_loss:2.0755 train_time:92551ms step_avg:57.84ms
step:1600/20000 val_loss:2.2444 val_bpb:1.3292 train_time:92579ms step_avg:57.86ms
step:1650/20000 train_loss:2.2113 train_time:95382ms step_avg:57.81msp
step:1700/20000 train_loss:2.1530 train_time:98189ms step_avg:57.76msp
step:1750/20000 train_loss:2.2273 train_time:101246ms step_avg:57.85ms
step:1800/20000 train_loss:2.1763 train_time:104081ms step_avg:57.82ms
step:1800/20000 val_loss:2.2289 val_bpb:1.3201 train_time:104102ms step_avg:57.83ms
step:1850/20000 train_loss:2.2862 train_time:106897ms step_avg:57.78ms
step:1900/20000 train_loss:2.1683 train_time:109711ms step_avg:57.74ms
step:1950/20000 train_loss:2.1903 train_time:112746ms step_avg:57.82ms
step:2000/20000 train_loss:2.2307 train_time:115555ms step_avg:57.78ms
step:2000/20000 val_loss:2.2137 val_bpb:1.3111 train_time:115583ms step_avg:57.79ms
step:2050/20000 train_loss:2.2278 train_time:118365ms step_avg:57.74ms
step:2100/20000 train_loss:2.2485 train_time:121405ms step_avg:57.81ms
step:2150/20000 train_loss:2.1653 train_time:124203ms step_avg:57.77ms
step:2200/20000 train_loss:2.0494 train_time:127047ms step_avg:57.75ms
step:2200/20000 val_loss:2.2052 val_bpb:1.3061 train_time:127064ms step_avg:57.76ms
step:2250/20000 train_loss:2.1385 train_time:129882ms step_avg:57.73ms
step:2300/20000 train_loss:2.3572 train_time:132938ms step_avg:57.80ms
step:2350/20000 train_loss:2.1780 train_time:135743ms step_avg:57.76ms
step:2400/20000 train_loss:2.1816 train_time:138556ms step_avg:57.73ms
step:2400/20000 val_loss:2.1947 val_bpb:1.2998 train_time:138583ms step_avg:57.74ms
step:2450/20000 train_loss:2.1813 train_time:141354ms step_avg:57.70ms
step:2500/20000 train_loss:2.1016 train_time:144506ms step_avg:57.80ms
step:2550/20000 train_loss:2.1154 train_time:147313ms step_avg:57.77ms
step:2600/20000 train_loss:2.3959 train_time:150143ms step_avg:57.75ms
step:2600/20000 val_loss:2.1940 val_bpb:1.2994 train_time:150168ms step_avg:57.76ms
step:2650/20000 train_loss:2.2222 train_time:152967ms step_avg:57.72ms
step:2700/20000 train_loss:2.1342 train_time:156028ms step_avg:57.79ms
step:2750/20000 train_loss:2.3413 train_time:158835ms step_avg:57.76ms
step:2800/20000 train_loss:2.2125 train_time:161657ms step_avg:57.73ms
step:2800/20000 val_loss:2.1798 val_bpb:1.2910 train_time:161684ms step_avg:57.74ms
step:2850/20000 train_loss:2.1654 train_time:164474ms step_avg:57.71ms
step:2900/20000 train_loss:2.1610 train_time:167496ms step_avg:57.76ms
step:2950/20000 train_loss:2.2216 train_time:170336ms step_avg:57.74ms
step:3000/20000 train_loss:2.2033 train_time:173153ms step_avg:57.72ms
step:3000/20000 val_loss:2.1730 val_bpb:1.2870 train_time:173177ms step_avg:57.73ms
step:3050/20000 train_loss:2.1503 train_time:175991ms step_avg:57.70ms
step:3100/20000 train_loss:2.1897 train_time:179053ms step_avg:57.76ms
step:3150/20000 train_loss:2.1409 train_time:181882ms step_avg:57.74ms
step:3200/20000 train_loss:2.1668 train_time:184705ms step_avg:57.72ms
step:3200/20000 val_loss:2.1672 val_bpb:1.2835 train_time:184732ms step_avg:57.73ms
step:3250/20000 train_loss:2.0687 train_time:187784ms step_avg:57.78ms
step:3300/20000 train_loss:2.2157 train_time:190600ms step_avg:57.76ms
step:3350/20000 train_loss:2.0713 train_time:193405ms step_avg:57.73ms
step:3400/20000 train_loss:2.1391 train_time:196229ms step_avg:57.71ms
step:3400/20000 val_loss:2.1647 val_bpb:1.2821 train_time:196245ms step_avg:57.72ms
step:3450/20000 train_loss:2.0887 train_time:199246ms step_avg:57.75ms
step:3500/20000 train_loss:2.2251 train_time:202064ms step_avg:57.73ms
step:3550/20000 train_loss:2.3733 train_time:204904ms step_avg:57.72ms
step:3600/20000 train_loss:2.0912 train_time:207724ms step_avg:57.70ms
step:3600/20000 val_loss:2.1570 val_bpb:1.2775 train_time:207748ms step_avg:57.71ms
step:3650/20000 train_loss:2.1990 train_time:210769ms step_avg:57.74ms
step:3700/20000 train_loss:2.1247 train_time:213600ms step_avg:57.73ms
step:3750/20000 train_loss:2.1217 train_time:216424ms step_avg:57.71ms
step:3800/20000 train_loss:2.2009 train_time:219239ms step_avg:57.69ms
step:3800/20000 val_loss:2.1528 val_bpb:1.2750 train_time:219264ms step_avg:57.70ms
step:3850/20000 train_loss:2.1583 train_time:222306ms step_avg:57.74ms
step:3900/20000 train_loss:1.9686 train_time:225143ms step_avg:57.73ms
step:3950/20000 train_loss:2.1023 train_time:227962ms step_avg:57.71ms
step:4000/20000 train_loss:2.1427 train_time:230804ms step_avg:57.70ms
step:4000/20000 val_loss:2.1482 val_bpb:1.2723 train_time:230822ms step_avg:57.71ms
step:4050/20000 train_loss:2.0806 train_time:233873ms step_avg:57.75ms
step:4100/20000 train_loss:2.1674 train_time:236670ms step_avg:57.72ms
step:4150/20000 train_loss:2.3083 train_time:239489ms step_avg:57.71ms
step:4200/20000 train_loss:2.1541 train_time:242566ms step_avg:57.75ms
step:4200/20000 val_loss:2.1441 val_bpb:1.2699 train_time:242592ms step_avg:57.76ms
step:4250/20000 train_loss:2.1060 train_time:245412ms step_avg:57.74ms
step:4300/20000 train_loss:2.0032 train_time:248216ms step_avg:57.72ms
step:4350/20000 train_loss:2.1877 train_time:251033ms step_avg:57.71ms
step:4400/20000 train_loss:2.0869 train_time:254109ms step_avg:57.75ms
step:4400/20000 val_loss:2.1440 val_bpb:1.2698 train_time:254134ms step_avg:57.76ms
step:4450/20000 train_loss:2.0441 train_time:256945ms step_avg:57.74ms
step:4500/20000 train_loss:2.2374 train_time:259787ms step_avg:57.73ms
step:4550/20000 train_loss:2.0312 train_time:262589ms step_avg:57.71ms
step:4600/20000 train_loss:1.9493 train_time:265627ms step_avg:57.74ms
step:4600/20000 val_loss:2.1400 val_bpb:1.2675 train_time:265643ms step_avg:57.75ms
step:4650/20000 train_loss:2.0530 train_time:268445ms step_avg:57.73ms
step:4700/20000 train_loss:2.2422 train_time:271245ms step_avg:57.71ms
step:4750/20000 train_loss:1.9552 train_time:274060ms step_avg:57.70ms
step:4800/20000 train_loss:2.2418 train_time:277150ms step_avg:57.74ms
step:4800/20000 val_loss:2.1362 val_bpb:1.2652 train_time:277177ms step_avg:57.75ms
step:4850/20000 train_loss:2.1332 train_time:279973ms step_avg:57.73ms
step:4900/20000 train_loss:2.1435 train_time:282784ms step_avg:57.71ms
step:4950/20000 train_loss:2.3239 train_time:285593ms step_avg:57.70ms
step:5000/20000 train_loss:2.0030 train_time:288630ms step_avg:57.73ms
step:5000/20000 val_loss:2.1312 val_bpb:1.2622 train_time:288655ms step_avg:57.73ms
step:5050/20000 train_loss:2.1822 train_time:291439ms step_avg:57.71ms
step:5100/20000 train_loss:2.0055 train_time:294248ms step_avg:57.70ms
step:5150/20000 train_loss:2.2546 train_time:297335ms step_avg:57.73ms
step:5200/20000 train_loss:2.1525 train_time:300154ms step_avg:57.72ms
step:5200/20000 val_loss:2.1312 val_bpb:1.2622 train_time:300182ms step_avg:57.73ms
step:5250/20000 train_loss:2.0994 train_time:302965ms step_avg:57.71ms
step:5300/20000 train_loss:2.1902 train_time:305789ms step_avg:57.70ms
step:5350/20000 train_loss:2.1148 train_time:309012ms step_avg:57.76ms
step:5400/20000 train_loss:2.1653 train_time:311815ms step_avg:57.74ms
step:5400/20000 val_loss:2.1272 val_bpb:1.2598 train_time:311843ms step_avg:57.75ms
step:5450/20000 train_loss:2.1716 train_time:314616ms step_avg:57.73ms
step:5500/20000 train_loss:2.1161 train_time:317423ms step_avg:57.71ms
step:5550/20000 train_loss:2.0841 train_time:320454ms step_avg:57.74ms
step:5600/20000 train_loss:2.1588 train_time:323264ms step_avg:57.73ms
step:5600/20000 val_loss:2.1261 val_bpb:1.2592 train_time:323291ms step_avg:57.73ms
step:5650/20000 train_loss:2.0399 train_time:326077ms step_avg:57.71ms
step:5700/20000 train_loss:2.1517 train_time:328925ms step_avg:57.71ms
step:5750/20000 train_loss:2.1927 train_time:331926ms step_avg:57.73ms
step:5800/20000 train_loss:2.1217 train_time:334744ms step_avg:57.71ms
step:5800/20000 val_loss:2.1242 val_bpb:1.2581 train_time:334770ms step_avg:57.72ms
step:5850/20000 train_loss:2.1603 train_time:337578ms step_avg:57.71ms
step:5900/20000 train_loss:2.0732 train_time:340395ms step_avg:57.69ms
step:5950/20000 train_loss:2.1084 train_time:343434ms step_avg:57.72ms
step:6000/20000 train_loss:2.1998 train_time:346266ms step_avg:57.71ms
step:6000/20000 val_loss:2.1211 val_bpb:1.2562 train_time:346293ms step_avg:57.72ms
step:6050/20000 train_loss:2.1027 train_time:349098ms step_avg:57.70ms
step:6100/20000 train_loss:2.0957 train_time:351907ms step_avg:57.69ms
step:6150/20000 train_loss:2.0795 train_time:354980ms step_avg:57.72ms
step:6200/20000 train_loss:2.0662 train_time:357783ms step_avg:57.71ms
step:6200/20000 val_loss:2.1192 val_bpb:1.2551 train_time:357808ms step_avg:57.71ms
step:6250/20000 train_loss:2.1302 train_time:360616ms step_avg:57.70ms
step:6300/20000 train_loss:2.0172 train_time:363665ms step_avg:57.72ms
step:6350/20000 train_loss:1.9981 train_time:366488ms step_avg:57.71ms
step:6400/20000 train_loss:2.1406 train_time:369319ms step_avg:57.71ms
step:6400/20000 val_loss:2.1167 val_bpb:1.2537 train_time:369338ms step_avg:57.71ms
step:6450/20000 train_loss:2.0520 train_time:372127ms step_avg:57.69ms
step:6500/20000 train_loss:2.0542 train_time:375210ms step_avg:57.72ms
step:6550/20000 train_loss:2.1877 train_time:378019ms step_avg:57.71ms
step:6600/20000 train_loss:2.0993 train_time:380860ms step_avg:57.71ms
step:6600/20000 val_loss:2.1131 val_bpb:1.2515 train_time:380885ms step_avg:57.71ms
step:6650/20000 train_loss:2.2710 train_time:383670ms step_avg:57.69ms
step:6700/20000 train_loss:2.1360 train_time:386703ms step_avg:57.72ms
step:6750/20000 train_loss:2.3049 train_time:389533ms step_avg:57.71ms
step:6800/20000 train_loss:2.1690 train_time:392358ms step_avg:57.70ms
step:6800/20000 val_loss:2.1117 val_bpb:1.2507 train_time:392385ms step_avg:57.70ms
step:6850/20000 train_loss:2.0037 train_time:395176ms step_avg:57.69ms
step:6900/20000 train_loss:2.0733 train_time:398207ms step_avg:57.71ms
step:6950/20000 train_loss:2.1532 train_time:401034ms step_avg:57.70ms
step:7000/20000 train_loss:2.2055 train_time:403855ms step_avg:57.69ms
step:7000/20000 val_loss:2.1098 val_bpb:1.2496 train_time:403882ms step_avg:57.70ms
step:7050/20000 train_loss:2.2308 train_time:406669ms step_avg:57.68ms
step:7100/20000 train_loss:2.0464 train_time:409731ms step_avg:57.71ms
step:7150/20000 train_loss:2.1277 train_time:412558ms step_avg:57.70ms
step:7200/20000 train_loss:2.1746 train_time:415403ms step_avg:57.69ms
step:7200/20000 val_loss:2.1086 val_bpb:1.2489 train_time:415424ms step_avg:57.70ms
step:7250/20000 train_loss:2.0785 train_time:418435ms step_avg:57.72ms
step:7300/20000 train_loss:2.0653 train_time:421250ms step_avg:57.71ms
step:7350/20000 train_loss:2.1591 train_time:424068ms step_avg:57.70ms
step:7400/20000 train_loss:2.0945 train_time:426886ms step_avg:57.69ms
step:7400/20000 val_loss:2.1070 val_bpb:1.2479 train_time:426912ms step_avg:57.69ms
step:7450/20000 train_loss:2.0901 train_time:430093ms step_avg:57.73ms
step:7500/20000 train_loss:2.0890 train_time:432900ms step_avg:57.72ms
step:7550/20000 train_loss:2.1509 train_time:435704ms step_avg:57.71ms
step:7600/20000 train_loss:1.9794 train_time:438529ms step_avg:57.70ms
step:7600/20000 val_loss:2.1054 val_bpb:1.2469 train_time:438555ms step_avg:57.70ms
step:7650/20000 train_loss:2.2608 train_time:441586ms step_avg:57.72ms
step:7700/20000 train_loss:2.0686 train_time:444424ms step_avg:57.72ms
step:7750/20000 train_loss:2.0912 train_time:447242ms step_avg:57.71ms
step:7800/20000 train_loss:2.1282 train_time:450060ms step_avg:57.70ms
step:7800/20000 val_loss:2.1023 val_bpb:1.2451 train_time:450086ms step_avg:57.70ms
step:7850/20000 train_loss:1.9751 train_time:453095ms step_avg:57.72ms
step:7900/20000 train_loss:2.1121 train_time:455923ms step_avg:57.71ms
step:7950/20000 train_loss:2.0741 train_time:458729ms step_avg:57.70ms
step:8000/20000 train_loss:2.0934 train_time:461547ms step_avg:57.69ms
step:8000/20000 val_loss:2.1008 val_bpb:1.2442 train_time:461567ms step_avg:57.70ms
step:8050/20000 train_loss:2.0585 train_time:464598ms step_avg:57.71ms
step:8100/20000 train_loss:2.1230 train_time:467422ms step_avg:57.71ms
step:8150/20000 train_loss:2.2313 train_time:470222ms step_avg:57.70ms
step:8200/20000 train_loss:2.1639 train_time:473044ms step_avg:57.69ms
step:8200/20000 val_loss:2.0994 val_bpb:1.2434 train_time:473071ms step_avg:57.69ms
step:8250/20000 train_loss:2.1261 train_time:476072ms step_avg:57.71ms
step:8300/20000 train_loss:2.0997 train_time:478895ms step_avg:57.70ms
step:8350/20000 train_loss:2.2051 train_time:481708ms step_avg:57.69ms
step:8400/20000 train_loss:2.1117 train_time:484739ms step_avg:57.71ms
step:8400/20000 val_loss:2.0986 val_bpb:1.2429 train_time:484765ms step_avg:57.71ms
step:8450/20000 train_loss:2.2042 train_time:487564ms step_avg:57.70ms
step:8500/20000 train_loss:2.1039 train_time:490368ms step_avg:57.69ms
step:8550/20000 train_loss:2.1712 train_time:493175ms step_avg:57.68ms
step:8600/20000 train_loss:2.1178 train_time:496192ms step_avg:57.70ms
step:8600/20000 val_loss:2.0957 val_bpb:1.2412 train_time:496213ms step_avg:57.70ms
step:8650/20000 train_loss:2.0790 train_time:499015ms step_avg:57.69ms
step:8700/20000 train_loss:2.0122 train_time:501811ms step_avg:57.68ms
step:8750/20000 train_loss:2.1721 train_time:504614ms step_avg:57.67ms
step:8800/20000 train_loss:2.0779 train_time:507638ms step_avg:57.69ms
step:8800/20000 val_loss:2.0952 val_bpb:1.2409 train_time:507665ms step_avg:57.69ms
step:8850/20000 train_loss:2.2906 train_time:510461ms step_avg:57.68ms
step:8900/20000 train_loss:2.1799 train_time:513267ms step_avg:57.67ms
step:8950/20000 train_loss:2.1372 train_time:516087ms step_avg:57.66ms
step:9000/20000 train_loss:1.9995 train_time:519187ms step_avg:57.69ms
step:9000/20000 val_loss:2.0953 val_bpb:1.2410 train_time:519215ms step_avg:57.69ms
step:9050/20000 train_loss:2.0418 train_time:522009ms step_avg:57.68ms
step:9100/20000 train_loss:2.2841 train_time:524854ms step_avg:57.68ms
step:9150/20000 train_loss:1.9783 train_time:527684ms step_avg:57.67ms
step:9200/20000 train_loss:2.0653 train_time:530761ms step_avg:57.69ms
step:9200/20000 val_loss:2.0935 val_bpb:1.2399 train_time:530876ms step_avg:57.70ms
lawa: entering warmdown at step 9201
step:9250/20000 train_loss:2.1767 train_time:533762ms step_avg:57.70ms
step:9300/20000 train_loss:2.0987 train_time:536666ms step_avg:57.71ms
step:9350/20000 train_loss:2.2061 train_time:539784ms step_avg:57.73ms
step:9400/20000 train_loss:2.1027 train_time:542640ms step_avg:57.73ms
step:9400/20000 val_loss:2.0857 val_bpb:1.2352 train_time:542643ms step_avg:57.73ms
step:9450/20000 train_loss:2.1380 train_time:545490ms step_avg:57.72ms
step:9500/20000 train_loss:2.2342 train_time:548349ms step_avg:57.72ms
step:9550/20000 train_loss:2.1670 train_time:551456ms step_avg:57.74ms
step:9600/20000 train_loss:2.1121 train_time:554304ms step_avg:57.74ms
step:9600/20000 val_loss:2.0775 val_bpb:1.2304 train_time:554307ms step_avg:57.74ms
step:9650/20000 train_loss:2.0570 train_time:557147ms step_avg:57.74ms
step:9700/20000 train_loss:2.0680 train_time:559996ms step_avg:57.73ms
step:9750/20000 train_loss:2.0244 train_time:563122ms step_avg:57.76ms
step:9800/20000 train_loss:2.0282 train_time:565967ms step_avg:57.75ms
step:9800/20000 val_loss:2.0696 val_bpb:1.2258 train_time:565973ms step_avg:57.75ms
step:9850/20000 train_loss:1.9874 train_time:568814ms step_avg:57.75ms
step:9900/20000 train_loss:2.0988 train_time:571658ms step_avg:57.74ms
step:9950/20000 train_loss:1.9805 train_time:574706ms step_avg:57.76ms
step:10000/20000 train_loss:2.0646 train_time:577549ms step_avg:57.75m
step:10000/20000 val_loss:2.0615 val_bpb:1.2210 train_time:577554ms step_avg:57.76ms
step:10050/20000 train_loss:2.0569 train_time:580410ms step_avg:57.75m
step:10100/20000 train_loss:2.0424 train_time:583237ms step_avg:57.75ms
step:10150/20000 train_loss:2.0122 train_time:586288ms step_avg:57.76m
step:10200/20000 train_loss:2.0115 train_time:589124ms step_avg:57.76m
step:10200/20000 val_loss:2.0535 val_bpb:1.2162 train_time:589128ms step_avg:57.76ms
step:10250/20000 train_loss:2.0118 train_time:591977ms step_avg:57.75m
step:10300/20000 train_loss:2.1413 train_time:595067ms step_avg:57.77m
step:10350/20000 train_loss:2.0712 train_time:597938ms step_avg:57.77ms
step:10386/20000 val_loss:2.0490 val_bpb:1.2135 train_time:599984ms step_avg:57.77ms
stopping_early: wallclock_cap train_time:599984ms step:10386/20000/app
peak memory allocated: 13631 MiB reserved: 14654 MiBps://modal.com/app
lawa: applying averaged weights from 23 checkpointstps://modal.com/app
Serialized model: 74578510 bytes)...
Code size: 54721 bytesers active)...
Total submission size: 74633231 bytes
Serialized model int8+zlib: 15855828 bytes (payload:19030336 raw_torch:19079980 payload_ratio:3.92x)
Total submission size int8+zlib: 15910549 bytest
final_int8_zlib_roundtrip val_loss:2.0593 val_bpb:1.2196 eval_time:1622ms
final_int8_zlib_roundtrip_exact val_loss:2.05929476 val_bpb:1.21963035
step:6850/20000 train_loss:2.0037 train_time:395176ms step_avg:57.69ms
step:6900/20000 train_loss:2.0733 train_time:398207ms step_avg:57.71ms
step:6950/20000 train_loss:2.1532 train_time:401034ms step_avg:57.70ms
step:7000/20000 train_loss:2.2055 train_time:403855ms step_avg:57.69ms
step:7000/20000 val_loss:2.1098 val_bpb:1.2496 train_time:403882ms step_avg:57.70ms
step:7050/20000 train_loss:2.2308 train_time:406669ms step_avg:57.68ms
step:7100/20000 train_loss:2.0464 train_time:409731ms step_avg:57.71ms
step:7150/20000 train_loss:2.1277 train_time:412558ms step_avg:57.70ms
step:7200/20000 train_loss:2.1746 train_time:415403ms step_avg:57.69ms
step:7200/20000 val_loss:2.1086 val_bpb:1.2489 train_time:415424ms step_avg:57.70ms
step:7250/20000 train_loss:2.0785 train_time:418435ms step_avg:57.72ms
step:7300/20000 train_loss:2.0653 train_time:421250ms step_avg:57.71ms
step:7350/20000 train_loss:2.1591 train_time:424068ms step_avg:57.70ms
step:7400/20000 train_loss:2.0945 train_time:426886ms step_avg:57.69ms
step:7400/20000 val_loss:2.1070 val_bpb:1.2479 train_time:426912ms step_avg:57.69ms
SIZE: f"Serialized model int8+zlib: {quant_file_bytes} bytes "PNn
TOTAL: log0(f"Total submission size int8+zlib: {quant_file_bytes + code_bytes}
FINAL: log0(f"final_int8_zlib_roundtrip_exact val_loss:{q_val_loss:.8f}
val_bpb:{q_val_bpb:.8f}")
SIZE: Serialized model int8+zlib: 15855828 bytes (payload:19030336
TOTAL: Total submission size int8+zlib: 15910549 bytesoLC1pufuPNn
FINAL: final_int8_zlib_roundtrip_exact val_loss:2.05929476 val_bpb:1.21963035
step:7450/20000 train_loss:2.0901 train_time:430093ms step_avg:57.73ms
step:7500/20000 train_loss:2.0890 train_time:432900ms step_avg:57.72ms
step:7550/20000 train_loss:2.1509 train_time:435704ms step_avg:57.71ms
step:7600/20000 train_loss:1.9794 train_time:438529ms step_avg:57.70ms
step:7600/20000 val_loss:2.1054 val_bpb:1.2469 train_time:438555ms step_avg:57.70ms
step:7650/20000 train_loss:2.2608 train_time:441586ms step_avg:57.72ms
step:7700/20000 train_loss:2.0686 train_time:444424ms step_avg:57.72ms
step:7750/20000 train_loss:2.0912 train_time:447242ms step_avg:57.71ms
step:7800/20000 train_loss:2.1282 train_time:450060ms step_avg:57.70ms
step:7800/20000 val_loss:2.1023 val_bpb:1.2451 train_time:450086ms step_avg:57.70ms
step:7850/20000 train_loss:1.9751 train_time:453095ms step_avg:57.72ms
step:7900/20000 train_loss:2.1121 train_time:455923ms step_avg:57.71ms
step:7950/20000 train_loss:2.0741 train_time:458729ms step_avg:57.70ms
step:8000/20000 train_loss:2.0934 train_time:461547ms step_avg:57.69ms
step:8000/20000 val_loss:2.1008 val_bpb:1.2442 train_time:461567ms step_avg:57.70ms
step:8050/20000 train_loss:2.0585 train_time:464598ms step_avg:57.71ms
step:8100/20000 train_loss:2.1230 train_time:467422ms step_avg:57.71ms
step:8150/20000 train_loss:2.2313 train_time:470222ms step_avg:57.70ms
step:8200/20000 train_loss:2.1639 train_time:473044ms step_avg:57.69ms
step:8200/20000 val_loss:2.0994 val_bpb:1.2434 train_time:473071ms step_avg:57.69ms
step:8250/20000 train_loss:2.1261 train_time:476072ms step_avg:57.71ms
step:8300/20000 train_loss:2.0997 train_time:478895ms step_avg:57.70ms
step:8350/20000 train_loss:2.2051 train_time:481708ms step_avg:57.69ms
step:8400/20000 train_loss:2.1117 train_time:484739ms step_avg:57.71ms
step:8400/20000 val_loss:2.0986 val_bpb:1.2429 train_time:484765ms step_avg:57.71ms
step:8450/20000 train_loss:2.2042 train_time:487564ms step_avg:57.70ms
step:8500/20000 train_loss:2.1039 train_time:490368ms step_avg:57.69ms
step:8550/20000 train_loss:2.1712 train_time:493175ms step_avg:57.68ms
step:8600/20000 train_loss:2.1178 train_time:496192ms step_avg:57.70ms
step:8600/20000 val_loss:2.0957 val_bpb:1.2412 train_time:496213ms step_avg:57.70ms
step:8650/20000 train_loss:2.0790 train_time:499015ms step_avg:57.69ms
step:8700/20000 train_loss:2.0122 train_time:501811ms step_avg:57.68ms
step:8750/20000 train_loss:2.1721 train_time:504614ms step_avg:57.67ms
step:8800/20000 train_loss:2.0779 train_time:507638ms step_avg:57.69ms
step:8800/20000 val_loss:2.0952 val_bpb:1.2409 train_time:507665ms step_avg:57.69ms
step:8850/20000 train_loss:2.2906 train_time:510461ms step_avg:57.68ms
step:8900/20000 train_loss:2.1799 train_time:513267ms step_avg:57.67ms
step:8950/20000 train_loss:2.1372 train_time:516087ms step_avg:57.66ms
step:9000/20000 train_loss:1.9995 train_time:519187ms step_avg:57.69ms
step:9000/20000 val_loss:2.0953 val_bpb:1.2410 train_time:519215ms step_avg:57.69ms
step:9050/20000 train_loss:2.0418 train_time:522009ms step_avg:57.68ms
step:9100/20000 train_loss:2.2841 train_time:524854ms step_avg:57.68ms
step:9150/20000 train_loss:1.9783 train_time:527684ms step_avg:57.67ms
step:9200/20000 train_loss:2.0653 train_time:530761ms step_avg:57.69ms
step:9200/20000 val_loss:2.0935 val_bpb:1.2399 train_time:530876ms step_avg:57.70ms
lawa: entering warmdown at step 9201
step:9250/20000 train_loss:2.1767 train_time:533762ms step_avg:57.70ms
step:9300/20000 train_loss:2.0987 train_time:536666ms step_avg:57.71ms
step:9350/20000 train_loss:2.2061 train_time:539784ms step_avg:57.73ms
step:9400/20000 train_loss:2.1027 train_time:542640ms step_avg:57.73ms
step:9400/20000 val_loss:2.0857 val_bpb:1.2352 train_time:542643ms step_avg:57.73ms
step:9450/20000 train_loss:2.1380 train_time:545490ms step_avg:57.72ms
step:9500/20000 train_loss:2.2342 train_time:548349ms step_avg:57.72ms
step:9550/20000 train_loss:2.1670 train_time:551456ms step_avg:57.74ms
step:9600/20000 train_loss:2.1121 train_time:554304ms step_avg:57.74ms
step:9600/20000 val_loss:2.0775 val_bpb:1.2304 train_time:554307ms step_avg:57.74ms
step:9650/20000 train_loss:2.0570 train_time:557147ms step_avg:57.74ms
step:9700/20000 train_loss:2.0680 train_time:559996ms step_avg:57.73ms
step:9750/20000 train_loss:2.0244 train_time:563122ms step_avg:57.76ms
step:9800/20000 train_loss:2.0282 train_time:565967ms step_avg:57.75ms
step:9800/20000 val_loss:2.0696 val_bpb:1.2258 train_time:565973ms step_avg:57.75ms
step:9850/20000 train_loss:1.9874 train_time:568814ms step_avg:57.75ms
step:9900/20000 train_loss:2.0988 train_time:571658ms step_avg:57.74ms
step:9950/20000 train_loss:1.9805 train_time:574706ms step_avg:57.76ms
step:10000/20000 train_loss:2.0646 train_time:577549ms step_avg:57.75ms
step:10000/20000 val_loss:2.0615 val_bpb:1.2210 train_time:577554ms step_avg:57.76ms
step:10050/20000 train_loss:2.0569 train_time:580410ms step_avg:57.75ms
step:10100/20000 train_loss:2.0424 train_time:583237ms step_avg:57.75ms
step:10150/20000 train_loss:2.0122 train_time:586288ms step_avg:57.76ms
step:10200/20000 train_loss:2.0115 train_time:589124ms step_avg:57.76ms
step:10200/20000 val_loss:2.0535 val_bpb:1.2162 train_time:589128ms step_avg:57.76ms
step:10250/20000 train_loss:2.0118 train_time:591977ms step_avg:57.75ms
step:10300/20000 train_loss:2.1413 train_time:595067ms step_avg:57.77ms
step:10350/20000 train_loss:2.0712 train_time:597938ms step_avg:57.77ms
step:10386/20000 val_loss:2.0490 val_bpb:1.2135 train_time:599984ms step_avg:57.77ms
stopping_early: wallclock_cap train_time:599984ms step:10386/20000
peak memory allocated: 13631 MiB reserved: 14654 MiB
lawa: applying averaged weights from 23 checkpoints
Serialized model: 74578510 bytes
Code size: 54721 bytes
Total submission size: 74633231 bytes
Serialized model int8+zlib: 15855828 bytes (payload:19030336 raw_torch:19079980 payload_ratio:3.92x)
Total submission size int8+zlib: 15910549 bytes
final_int8_zlib_roundtrip val_loss:2.0593 val_bpb:1.2196 eval_time:1622ms
final_int8_zlib_roundtrip_exact val_loss:2.05929476 val_bpb:1.21963035
